// Vitest Snapshot v1

exports[`1 + 1 > foo 1`] = `
{
  "foo": 1,
}
`;
